// Jest Snapshot v1, https://goo.gl/fbAQLP

exports[`renders correctly 1`] = `
<RCTSafeAreaView
  style={
    Object {
      "backgroundColor": "white",
      "flex": 1,
      "padding": 20,
    }
  }
>
  <View
    style={
      Object {
        "display": "flex",
        "flexDirection": "row",
      }
    }
  />
</RCTSafeAreaView>
`;
